{'QiXia': 1674.6814626570063}
{'QiXia': 2667.3575268909035}
{'XuanWu': 1734.8577972050825}
{'XuanWu': 3350.8832348399073}
{'QinHuai': 1738.025593836839}
{'YuHuaTai': 2439.6159226172504}
{'QinHuai': 2771.4623224847514}
{'GuLou': 3126.015403648312}
{'JianYe': 3667.6992387716527}
{'JianYe': 2467.53741731606}


